// Jest Snapshot v1, https://goo.gl/fbAQLP

exports[`Joyride standalone tooltips should be able to trigger the 1st tooltip 1`] = `"<div class=\\"joyride-tooltip joyride-tooltip--standalone bottom joyride-tooltip--animate\\" data-target=\\".hero__tooltip\\" style=\\"position: absolute; top: -15px; left: 15px; background-color: rgba(0, 0, 0, 0.8); color: rgb(255, 255, 255); text-align: center;\\"><div class=\\"joyride-tooltip__triangle joyride-tooltip__triangle-bottom\\" style=\\"left: 5%;\\"></div><button class=\\"joyride-tooltip__close joyride-tooltip__close--header\\" data-type=\\"close\\" style=\\"color: rgb(255, 255, 255);\\"></button><div class=\\"joyride-tooltip__header\\" style=\\"color: rgb(255, 255, 255); border-color: #ff67b4;\\">The classic joyride</div><div class=\\"joyride-tooltip__main\\">Let's go on a magical tour! Just click the big orange button.</div><div class=\\"joyride-tooltip__footer\\"><button class=\\"joyride-tooltip__button joyride-tooltip__button--primary\\" data-type=\\"next\\" style=\\"color: rgb(255, 255, 255); background-color: rgb(255, 103, 180);\\">Close</button></div></div>"`;

exports[`Joyride standalone tooltips should be able to trigger the 2nd tooltip 1`] = `"<div class=\\"joyride-tooltip joyride-tooltip--standalone bottom joyride-tooltip--animate\\" data-target=\\".demo__footer img\\" style=\\"position: fixed; top: -15px; left: 15px; background-color: rgb(255, 255, 255); color: rgb(51, 51, 51); text-align: center;\\"><div class=\\"joyride-tooltip__triangle joyride-tooltip__triangle-bottom\\" style=\\"left: 5%;\\"></div><button class=\\"joyride-tooltip__close joyride-tooltip__close--header\\" data-type=\\"close\\" style=\\"color: rgb(51, 51, 51); opacity: 0;\\"></button><div class=\\"joyride-tooltip__header\\" style=\\"color: rgb(51, 51, 51);\\">A fixed tooltip</div><div class=\\"joyride-tooltip__main\\">For fixed elements, you know?</div><div class=\\"joyride-tooltip__footer\\"><button class=\\"joyride-tooltip__button joyride-tooltip__button--primary\\" data-type=\\"next\\" style=\\"color: rgb(51, 51, 51);\\">Close</button></div></div>"`;

exports[`Joyride tour with \`run\` set to false should be able to click the 1st step beacon 1`] = `"<div class=\\"joyride-tooltip bottom joyride-tooltip--animate\\" data-target=\\".projects .list\\" style=\\"position: absolute; top: -15px; left: 15px;\\"><div class=\\"joyride-tooltip__triangle joyride-tooltip__triangle-bottom\\" style=\\"left: 5%;\\"></div><button class=\\"joyride-tooltip__close joyride-tooltip__close--header\\" data-type=\\"close\\"></button><div class=\\"joyride-tooltip__header\\">Title only steps — As they say: Make the font bigger!</div><div class=\\"joyride-tooltip__main\\"></div><div class=\\"joyride-tooltip__footer\\"><button class=\\"joyride-tooltip__button joyride-tooltip__button--primary\\" data-type=\\"next\\">Next</button></div></div>"`;

exports[`Joyride tour with \`run\` set to false should be able to click the 2nd step beacon 1`] = `"<div class=\\"joyride-tooltip bottom joyride-tooltip--animate\\" data-target=\\".mission button\\" style=\\"position: absolute; top: -15px; left: 15px;\\"><div class=\\"joyride-tooltip__triangle joyride-tooltip__triangle-bottom\\" style=\\"left: 5%;\\"></div><button class=\\"joyride-tooltip__close joyride-tooltip__close--header\\" data-type=\\"close\\"></button><div class=\\"joyride-tooltip__header\\">Our Mission</div><div class=\\"joyride-tooltip__main\\">Can be advanced by clicking an element through the overlay hole.</div><div class=\\"joyride-tooltip__footer\\"><button class=\\"joyride-tooltip__button joyride-tooltip__button--secondary\\" data-type=\\"back\\">Back</button><button class=\\"joyride-tooltip__button joyride-tooltip__button--primary\\" data-type=\\"next\\" style=\\"display: none;\\">Next</button></div></div>"`;

exports[`Joyride tour with \`run\` set to false should be able to click the 5th step beacon 1`] = `"<div class=\\"joyride-tooltip bottom joyride-tooltip--animate\\" data-target=\\".demo__footer a\\" style=\\"position: fixed; top: -15px; left: 15px;\\"><div class=\\"joyride-tooltip__triangle joyride-tooltip__triangle-bottom\\" style=\\"left: 5%;\\"></div><button class=\\"joyride-tooltip__close\\" data-type=\\"close\\"></button><div class=\\"joyride-tooltip__main\\">Text only steps — Because sometimes you don't really need a proper heading</div><div class=\\"joyride-tooltip__footer\\"><button class=\\"joyride-tooltip__button joyride-tooltip__button--secondary\\" data-type=\\"back\\">Back</button><button class=\\"joyride-tooltip__button joyride-tooltip__button--primary\\" data-type=\\"next\\">Last</button></div></div>"`;

exports[`Joyride tour with \`run\` set to false should be able to start the tour 1`] = `"<button class=\\"joyride-beacon\\" style=\\"left: 15px; position: absolute; top: 15px;\\"><span class=\\"joyride-beacon__inner\\"></span><span class=\\"joyride-beacon__outer\\"></span></button>"`;

exports[`Joyride tour with \`run\` set to true and \`type\` to "single" should be able to open the 1st tooltip 1`] = `"<div class=\\"joyride-tooltip bottom joyride-tooltip--animate\\" data-target=\\".projects .list\\" style=\\"position: absolute; top: -15px; left: 15px;\\"><div class=\\"joyride-tooltip__triangle joyride-tooltip__triangle-bottom\\" style=\\"left: 5%;\\"></div><button class=\\"joyride-tooltip__close joyride-tooltip__close--header\\" data-type=\\"close\\"></button><div class=\\"joyride-tooltip__header\\">Title only steps — As they say: Make the font bigger!</div><div class=\\"joyride-tooltip__main\\"></div><div class=\\"joyride-tooltip__footer\\"><button class=\\"joyride-tooltip__button joyride-tooltip__button--primary\\" data-type=\\"close\\">Close</button></div></div>"`;
