// Jest Snapshot v1, https://goo.gl/fbAQLP

exports[`Joyride > Skipped should be able to click STEP 1 Beacon 1`] = `
{
  "action": "update",
  "controlled": false,
  "index": 0,
  "lifecycle": "tooltip",
  "size": 4,
  "status": "running",
}
`;

exports[`Joyride > Skipped should be able to click STEP 1 Skip button 1`] = `
{
  "action": "stop",
  "controlled": false,
  "index": 0,
  "lifecycle": "init",
  "size": 4,
  "status": "paused",
}
`;

exports[`Joyride > Skipped should be able to start the tour 1`] = `
{
  "action": "start",
  "controlled": false,
  "index": 0,
  "lifecycle": "init",
  "size": 4,
  "status": "running",
}
`;

exports[`Joyride > Skipped should have initiated the Joyride 1`] = `
{
  "action": "init",
  "controlled": false,
  "index": 0,
  "lifecycle": "init",
  "size": 4,
  "status": "ready",
}
`;
